[
  [
    {
      "range": {
        "start": {
          "line": 12,
          "character": 21
        },
        "end": {
          "line": 12,
          "character": 22
        }
      },
      "severity": "Error",
      "message": "parameter 'p1' does not exist in 'x'"
    },
    {
      "range": {
        "start": {
          "line": 12,
          "character": 32
        },
        "end": {
          "line": 12,
          "character": 33
        }
      },
      "severity": "Error",
      "message": "port 'port1' does not exist in 'x'"
    },
    {
      "range": {
        "start": {
          "line": 14,
          "character": 21
        },
        "end": {
          "line": 14,
          "character": 22
        }
      },
      "severity": "Error",
      "message": "parameter 'p2' does not exist in 'x'"
    },
    {
      "range": {
        "start": {
          "line": 14,
          "character": 32
        },
        "end": {
          "line": 14,
          "character": 33
        }
      },
      "severity": "Error",
      "message": "port 'port2' does not exist in 'x'"
    },
    {
      "range": {
        "start": {
          "line": 18,
          "character": 21
        },
        "end": {
          "line": 18,
          "character": 22
        }
      },
      "severity": "Error",
      "message": "parameter 'p3' does not exist in 'x'"
    },
    {
      "range": {
        "start": {
          "line": 18,
          "character": 32
        },
        "end": {
          "line": 18,
          "character": 33
        }
      },
      "severity": "Error",
      "message": "port 'port3' does not exist in 'x'"
    }
  ]
]
