[
  [
    {
      "range": {
        "start": {
          "line": 3,
          "character": 12
        },
        "end": {
          "line": 3,
          "character": 18
        }
      },
      "severity": "Error",
      "message": "use of undeclared identifier 'blargh'"
    },
    {
      "range": {
        "start": {
          "line": 4,
          "character": 19
        },
        "end": {
          "line": 4,
          "character": 20
        }
      },
      "severity": "Error",
      "message": "expected ';'"
    }
  ]
]
